MemTotal:        1960336 kB
MemFree:           74604 kB
Buffers:           13008 kB
Cached:          1224956 kB
SwapCached:          552 kB
Active:           527960 kB
Inactive:         471772 kB
Active(anon):     165744 kB
Inactive(anon):    99632 kB
Active(file):     362216 kB
Inactive(file):   372140 kB
Unevictable:      578196 kB
Mlocked:          576268 kB
HighTotal:       1372608 kB
HighFree:          21112 kB
LowTotal:         587728 kB
LowFree:           53492 kB
SwapTotal:        262140 kB
SwapFree:         205308 kB
Dirty:              1080 kB
Writeback:             0 kB
AnonPages:        339964 kB
Mapped:           764268 kB
Shmem:            500280 kB
Slab:             159060 kB
SReclaimable:      34020 kB
SUnreclaim:       125040 kB
KernelStack:        7720 kB
PageTables:        16152 kB
NFS_Unstable:          0 kB
Bounce:                0 kB
WritebackTmp:          0 kB
CommitLimit:     1242308 kB
Committed_AS:   13152332 kB
VmallocTotal:     409600 kB
VmallocUsed:       11208 kB
VmallocChunk:     148508 kB
