MemTotal:        1960336 kB
MemFree:           72168 kB
Buffers:           13572 kB
Cached:          1244096 kB
SwapCached:          552 kB
Active:           559452 kB
Inactive:         520548 kB
Active(anon):     169000 kB
Inactive(anon):   101472 kB
Active(file):     390452 kB
Inactive(file):   419076 kB
Unevictable:      514328 kB
Mlocked:          512408 kB
HighTotal:       1372608 kB
HighFree:          18904 kB
LowTotal:         587728 kB
LowFree:           53264 kB
SwapTotal:        262140 kB
SwapFree:         211228 kB
Dirty:               200 kB
Writeback:             0 kB
AnonPages:        336480 kB
Mapped:           710436 kB
Shmem:            444820 kB
Slab:             146456 kB
SReclaimable:      32392 kB
SUnreclaim:       114064 kB
KernelStack:        7720 kB
PageTables:        16024 kB
NFS_Unstable:          0 kB
Bounce:                0 kB
WritebackTmp:          0 kB
CommitLimit:     1242308 kB
Committed_AS:   13088360 kB
VmallocTotal:     409600 kB
VmallocUsed:       11208 kB
VmallocChunk:     148508 kB
